../Core/Src/main.c:97:13:uart_send_line	112	static
../Core/Src/main.c:118:14:dbfs_to_gain	24	static
../Core/Src/main.c:132:13:set_level_for_current_freq	8	static
../Core/Src/main.c:142:13:current_ear	4	static
../Core/Src/main.c:151:13:start_tone	40	static
../Core/Src/main.c:160:13:stop_tone	8	static
../Core/Src/main.c:165:13:pc_audio_set_gain	24	static
../Core/Src/main.c:176:13:send_results	112	static
../Core/Src/main.c:204:5:main	16	static
../Core/Src/main.c:260:6:SystemClock_Config	96	static
../Core/Src/main.c:311:13:MX_TIM2_Init	40	static
../Core/Src/main.c:356:13:MX_USART1_UART_Init	8	static
../Core/Src/main.c:391:13:MX_GPIO_Init	40	static
../Core/Src/main.c:438:6:HAL_TIM_PeriodElapsedCallback	32	static
../Core/Src/main.c:505:6:HAL_GPIO_EXTI_Callback	16	static
../Core/Src/main.c:517:6:Error_Handler	4	static,ignoring_inline_asm
