2026-06-25 10:18:07,535 [INFO] Activator:176 - 


2026-06-25 10:18:07,551 [INFO] Activator:177 - !SESSION log4j initialized
2026-06-25 10:18:10,887 [INFO] LogOutputStream:77 - [STDOUT_REDIRECT] 
2026-06-25 10:18:29,210 [INFO] ApplicationProperties:184 - Using Application install path: C:\Program Files (x86)\STMicroelectronicsSTM32CubeIDE\STM32CubeIDE_1.19.0\STM32CubeIDE\plugins\com.st.stm32cube.common.mx_6.15.0.202507011659
2026-06-25 10:18:29,234 [INFO] DbMcusXml:78 - Set database path to: C:\Program Files (x86)\STMicroelectronicsSTM32CubeIDE\STM32CubeIDE_1.19.0\STM32CubeIDE\plugins\com.st.stm32cube.common.mx_6.15.0.202507011659\\db\/mcu/
2026-06-25 10:18:29,235 [INFO] ApiDb:274 - Set plugin database path to: C:\Program Files (x86)\STMicroelectronicsSTM32CubeIDE\STM32CubeIDE_1.19.0\STM32CubeIDE\plugins\com.st.stm32cube.common.mx_6.15.0.202507011659\\db\/plugins/boardmanager/
2026-06-25 10:18:29,235 [WARN] ApiDb:259 - Overriding images path with different value:  => C:\Program Files (x86)\STMicroelectronicsSTM32CubeIDE\STM32CubeIDE_1.19.0\STM32CubeIDE\plugins\com.st.stm32cube.common.mx_6.15.0.202507011659\\db\/plugins/mcufinder/images/
2026-06-25 10:18:29,244 [INFO] ApiDb:250 - Set database path to: C:\Users\Universita\.stmcufinder\plugins\mcufinder//mcu/
2026-06-25 10:18:29,246 [INFO] DbMcusAds:125 - Set database path to: C:\Users\Universita\.stmcufinder\plugins\mcufinder//mcu/
2026-06-25 10:18:29,250 [INFO] CrossReferenceDbSqlite:203 - Set database path to: C:\Users\Universita\.stmcufinder\plugins\mcufinder//mcu/cs/
2026-06-25 10:18:29,405 [INFO] RulesReader:64 - Compatibility file has been processed (317 Rules)
2026-06-25 10:18:29,527 [INFO] DbMcusXml:78 - Set database path to: C:\Program Files (x86)\STMicroelectronicsSTM32CubeIDE\STM32CubeIDE_1.19.0\STM32CubeIDE\plugins\com.st.stm32cube.common.mx_6.15.0.202507011659\\db\/mcu/
2026-06-25 10:18:29,527 [INFO] ApiDb:274 - Set plugin database path to: C:\Program Files (x86)\STMicroelectronicsSTM32CubeIDE\STM32CubeIDE_1.19.0\STM32CubeIDE\plugins\com.st.stm32cube.common.mx_6.15.0.202507011659\\db\/plugins/boardmanager/
2026-06-25 10:18:29,527 [INFO] ApiDb:261 - Set plugin images path to: C:\Program Files (x86)\STMicroelectronicsSTM32CubeIDE\STM32CubeIDE_1.19.0\STM32CubeIDE\plugins\com.st.stm32cube.common.mx_6.15.0.202507011659\\db\/plugins/mcufinder/images/
2026-06-25 10:18:29,527 [WARN] DbFile:41 - Overriding database path with different value: C:\Users\Universita\.stmcufinder\plugins\mcufinder/ => C:\Users\Universita\.stmcufinder\plugins\mcufinder
2026-06-25 10:18:29,527 [INFO] ApiDb:250 - Set database path to: C:\Users\Universita\.stmcufinder\plugins\mcufinder//mcu/
2026-06-25 10:18:29,527 [WARN] DbFile:41 - Overriding database path with different value: C:\Users\Universita\.stmcufinder\plugins\mcufinder/ => C:\Users\Universita\.stmcufinder\plugins\mcufinder
2026-06-25 10:18:29,528 [INFO] DbMcusAds:125 - Set database path to: C:\Users\Universita\.stmcufinder\plugins\mcufinder//mcu/
2026-06-25 10:18:29,528 [WARN] DbFile:41 - Overriding database path with different value: C:\Users\Universita\.stmcufinder\plugins\mcufinder/ => C:\Users\Universita\.stmcufinder\plugins\mcufinder
2026-06-25 10:18:29,528 [WARN] DbFile:41 - Overriding database path with different value: C:\Users\Universita\.stmcufinder\plugins\mcufinder/ => C:\Users\Universita\.stmcufinder\plugins\mcufinder
2026-06-25 10:18:29,528 [INFO] CrossReferenceDbSqlite:203 - Set database path to: C:\Users\Universita\.stmcufinder\plugins\mcufinder//mcu/cs/
2026-06-25 10:18:29,613 [INFO] MainPanel:274 - HeapMemory: 268435456
2026-06-25 10:18:29,698 [INFO] DbMcusXml:78 - Set database path to: C:\Program Files (x86)\STMicroelectronicsSTM32CubeIDE\STM32CubeIDE_1.19.0\STM32CubeIDE\plugins\com.st.stm32cube.common.mx_6.15.0.202507011659\\db\/mcu/
2026-06-25 10:18:29,698 [INFO] ApiDb:274 - Set plugin database path to: C:\Program Files (x86)\STMicroelectronicsSTM32CubeIDE\STM32CubeIDE_1.19.0\STM32CubeIDE\plugins\com.st.stm32cube.common.mx_6.15.0.202507011659\\db\/plugins/boardmanager/
2026-06-25 10:18:29,698 [INFO] ApiDb:261 - Set plugin images path to: C:\Program Files (x86)\STMicroelectronicsSTM32CubeIDE\STM32CubeIDE_1.19.0\STM32CubeIDE\plugins\com.st.stm32cube.common.mx_6.15.0.202507011659\\db\/plugins/mcufinder/images/
2026-06-25 10:18:29,698 [WARN] DbFile:41 - Overriding database path with different value: C:\Users\Universita\.stmcufinder\plugins\mcufinder/ => C:\Users\Universita\.stmcufinder\plugins\mcufinder
2026-06-25 10:18:29,698 [INFO] ApiDb:250 - Set database path to: C:\Users\Universita\.stmcufinder\plugins\mcufinder//mcu/
2026-06-25 10:18:29,698 [WARN] DbFile:41 - Overriding database path with different value: C:\Users\Universita\.stmcufinder\plugins\mcufinder/ => C:\Users\Universita\.stmcufinder\plugins\mcufinder
2026-06-25 10:18:29,698 [INFO] DbMcusAds:125 - Set database path to: C:\Users\Universita\.stmcufinder\plugins\mcufinder//mcu/
2026-06-25 10:18:29,698 [WARN] DbFile:41 - Overriding database path with different value: C:\Users\Universita\.stmcufinder\plugins\mcufinder/ => C:\Users\Universita\.stmcufinder\plugins\mcufinder
2026-06-25 10:18:29,698 [WARN] DbFile:41 - Overriding database path with different value: C:\Users\Universita\.stmcufinder\plugins\mcufinder/ => C:\Users\Universita\.stmcufinder\plugins\mcufinder
2026-06-25 10:18:29,698 [INFO] CrossReferenceDbSqlite:203 - Set database path to: C:\Users\Universita\.stmcufinder\plugins\mcufinder//mcu/cs/
2026-06-25 10:18:29,720 [INFO] ApplicationProperties:184 - Using Application install path: C:\Program Files (x86)\STMicroelectronicsSTM32CubeIDE\STM32CubeIDE_1.19.0\STM32CubeIDE\plugins\com.st.stm32cube.common.mx_6.15.0.202507011659
2026-06-25 10:18:29,721 [INFO] PluginManage:196 - Search for loadable plugins [exclusion list=, ]
2026-06-25 10:18:29,723 [INFO] PluginManage:310 - Check plugin analytics
2026-06-25 10:18:34,912 [INFO] AnalyticsPlugin:253 - Accepted Software Licenses: 
2026-06-25 10:18:34,912 [INFO] AnalyticsPlugin:255 - Accepted CMSIS Pack Licenses: 
2026-06-25 10:18:34,912 [INFO] AnalyticsPlugin:257 - Accepted Firmware Licenses: 
2026-06-25 10:18:34,916 [INFO] PluginManage:359 - Loaded plugin analytics (category:tool,tabindex:-1)
2026-06-25 10:18:34,916 [INFO] PluginManage:310 - Check plugin cadmodel
2026-06-25 10:18:34,921 [INFO] CADModel:105 - Init CAD model plugin
2026-06-25 10:18:34,922 [INFO] PluginManage:359 - Loaded plugin cadmodel (category:power,tabindex:5)
2026-06-25 10:18:34,922 [INFO] PluginManage:310 - Check plugin clock
2026-06-25 10:18:34,933 [INFO] PluginManage:359 - Loaded plugin clock (category:base,tabindex:2)
2026-06-25 10:18:34,934 [INFO] PluginManage:310 - Check plugin ddr
2026-06-25 10:18:34,936 [INFO] PluginManage:359 - Loaded plugin ddr (category:tool,tabindex:6)
2026-06-25 10:18:34,936 [INFO] PluginManage:310 - Check plugin filemanager
2026-06-25 10:18:35,197 [INFO] PluginManage:359 - Loaded plugin filemanager (category:base,tabindex:10)
2026-06-25 10:18:35,219 [INFO] PluginManage:310 - Check plugin ipmanager
2026-06-25 10:18:35,231 [INFO] PluginManage:359 - Loaded plugin ipmanager (category:base,tabindex:5)
2026-06-25 10:18:35,232 [INFO] PluginManage:310 - Check plugin lpbam
2026-06-25 10:18:35,243 [INFO] PluginManage:359 - Loaded plugin lpbam (category:base,tabindex:0)
2026-06-25 10:18:35,243 [INFO] PluginManage:310 - Check plugin memorymap
2026-06-25 10:18:35,259 [INFO] PluginManage:359 - Loaded plugin memorymap (category:base,tabindex:4)
2026-06-25 10:18:35,259 [INFO] PluginManage:310 - Check plugin pinoutandconfiguration
2026-06-25 10:18:35,266 [INFO] PluginManage:359 - Loaded plugin pinoutandconfiguration (category:base,tabindex:1)
2026-06-25 10:18:35,266 [INFO] PluginManage:310 - Check plugin pinoutconfig
2026-06-25 10:18:35,350 [WARN] SupportedApi:132 - Cannot load RTOS API schema: s4s-elt-must-match.1: The content of 'definitions' must match (annotation?, (simpleType | complexType)?, (unique | key | keyref)*)). A problem was found starting at: attribute.
2026-06-25 10:18:35,460 [INFO] PluginManage:359 - Loaded plugin pinoutconfig (category:base,tabindex:0)
2026-06-25 10:18:35,460 [INFO] PluginManage:310 - Check plugin power
2026-06-25 10:18:35,467 [INFO] PluginManage:359 - Loaded plugin power (category:power,tabindex:4)
2026-06-25 10:18:35,467 [INFO] PluginManage:310 - Check plugin projectmanager
2026-06-25 10:18:35,482 [INFO] PluginManage:359 - Loaded plugin projectmanager (category:projectmanager,tabindex:4)
2026-06-25 10:18:35,482 [INFO] PluginManage:310 - Check plugin rif
2026-06-25 10:18:35,489 [INFO] PluginManage:359 - Loaded plugin rif (category:base,tabindex:3)
2026-06-25 10:18:35,489 [INFO] PluginManage:310 - Check plugin thirdparty
2026-06-25 10:18:35,632 [INFO] PluginManage:359 - Loaded plugin thirdparty (category:base,tabindex:-1)
2026-06-25 10:18:35,632 [INFO] PluginManage:310 - Check plugin tools
2026-06-25 10:18:35,632 [WARN] IntegrityCheckThread:84 - waiting for thirdparty lock release [integrity check]
2026-06-25 10:18:35,632 [INFO] IntegrityCheckThread:86 - entering critical section [integrity check]
2026-06-25 10:18:35,633 [INFO] ThirdPartyUpdaterWithRetryManager:70 - Updater plugin not ready yet. [1/15]
2026-06-25 10:18:35,635 [INFO] PluginManage:359 - Loaded plugin tools (category:base,tabindex:7)
2026-06-25 10:18:35,636 [INFO] PluginManage:310 - Check plugin tutovideos
2026-06-25 10:18:35,819 [INFO] PluginManage:359 - Loaded plugin tutovideos (category:base,tabindex:-1)
2026-06-25 10:18:35,820 [INFO] PluginManage:310 - Check plugin updater
2026-06-25 10:18:35,842 [INFO] PluginManage:359 - Loaded plugin updater (category:base,tabindex:12)
2026-06-25 10:18:35,842 [INFO] PluginManage:310 - Check plugin userauth
2026-06-25 10:18:35,846 [INFO] UserAuth:118 - Init User Auth plugin
2026-06-25 10:18:35,848 [INFO] PluginManage:359 - Loaded plugin userauth (category:base,tabindex:14)
2026-06-25 10:18:35,848 [INFO] PluginManage:283 - PluginManage : Loaded plugins [18]
2026-06-25 10:18:36,124 [INFO] PinOutPanel:1589 - setPackage(No Configuration,No Configuration)
2026-06-25 10:18:36,216 [INFO] CADModel:165 - CPN selected for project level
2026-06-25 10:18:36,217 [INFO] CADModel:114 - Register for checkConnection events
2026-06-25 10:18:36,232 [INFO] IPUIPlugin:80 - create IPUIPlugin
2026-06-25 10:18:36,233 [INFO] PluginManager:220 - loadIPPluginJar : add adc
2026-06-25 10:18:36,235 [INFO] IPUIPlugin:80 - create IPUIPlugin
2026-06-25 10:18:36,235 [INFO] PluginManager:220 - loadIPPluginJar : add aes
2026-06-25 10:18:36,238 [INFO] IPUIPlugin:80 - create IPUIPlugin
2026-06-25 10:18:36,238 [INFO] PluginManager:220 - loadIPPluginJar : add can
2026-06-25 10:18:36,240 [INFO] IPUIPlugin:80 - create IPUIPlugin
2026-06-25 10:18:36,241 [INFO] PluginManager:220 - loadIPPluginJar : add comp
2026-06-25 10:18:36,243 [INFO] IPUIPlugin:80 - create IPUIPlugin
2026-06-25 10:18:36,243 [INFO] PluginManager:220 - loadIPPluginJar : add cryp
2026-06-25 10:18:36,246 [INFO] IPUIPlugin:80 - create IPUIPlugin
2026-06-25 10:18:36,246 [INFO] PluginManager:220 - loadIPPluginJar : add ddr_ctrl_phy
2026-06-25 10:18:36,248 [INFO] IPUIPlugin:80 - create IPUIPlugin
2026-06-25 10:18:36,248 [INFO] PluginManager:220 - loadIPPluginJar : add dfsdm
2026-06-25 10:18:36,253 [INFO] IPUIPlugin:80 - create IPUIPlugin
2026-06-25 10:18:36,253 [INFO] PluginManager:220 - loadIPPluginJar : add dma
2026-06-25 10:18:36,256 [INFO] IPUIPlugin:80 - create IPUIPlugin
2026-06-25 10:18:36,257 [INFO] PluginManager:220 - loadIPPluginJar : add dma3
2026-06-25 10:18:36,260 [INFO] IPUIPlugin:80 - create IPUIPlugin
2026-06-25 10:18:36,260 [INFO] PluginManager:220 - loadIPPluginJar : add extmemmanager
2026-06-25 10:18:36,261 [INFO] IPUIPlugin:80 - create IPUIPlugin
2026-06-25 10:18:36,261 [INFO] PluginManager:220 - loadIPPluginJar : add fatfs
2026-06-25 10:18:36,265 [INFO] IPUIPlugin:80 - create IPUIPlugin
2026-06-25 10:18:36,265 [INFO] PluginManager:220 - loadIPPluginJar : add fmc
2026-06-25 10:18:36,270 [INFO] IPUIPlugin:80 - create IPUIPlugin
2026-06-25 10:18:36,270 [INFO] PluginManager:220 - loadIPPluginJar : add freertos
2026-06-25 10:18:36,272 [INFO] IPUIPlugin:80 - create IPUIPlugin
2026-06-25 10:18:36,272 [INFO] PluginManager:220 - loadIPPluginJar : add genericplugin
2026-06-25 10:18:36,275 [INFO] IPUIPlugin:80 - create IPUIPlugin
2026-06-25 10:18:36,275 [INFO] PluginManager:220 - loadIPPluginJar : add gfxmmu
2026-06-25 10:18:36,280 [INFO] IPUIPlugin:80 - create IPUIPlugin
2026-06-25 10:18:36,280 [INFO] PluginManager:220 - loadIPPluginJar : add gic
2026-06-25 10:18:36,285 [INFO] IPUIPlugin:80 - create IPUIPlugin
2026-06-25 10:18:36,285 [INFO] PluginManager:220 - loadIPPluginJar : add gpio
2026-06-25 10:18:36,289 [INFO] IPUIPlugin:80 - create IPUIPlugin
2026-06-25 10:18:36,289 [INFO] PluginManager:220 - loadIPPluginJar : add gtzc
2026-06-25 10:18:36,292 [INFO] IPUIPlugin:80 - create IPUIPlugin
2026-06-25 10:18:36,292 [INFO] PluginManager:220 - loadIPPluginJar : add hash
2026-06-25 10:18:36,295 [INFO] IPUIPlugin:80 - create IPUIPlugin
2026-06-25 10:18:36,295 [INFO] PluginManager:220 - loadIPPluginJar : add i2c
2026-06-25 10:18:36,298 [INFO] IPUIPlugin:80 - create IPUIPlugin
2026-06-25 10:18:36,298 [INFO] PluginManager:220 - loadIPPluginJar : add i2s
2026-06-25 10:18:36,301 [INFO] IPUIPlugin:80 - create IPUIPlugin
2026-06-25 10:18:36,301 [INFO] PluginManager:220 - loadIPPluginJar : add i3c
2026-06-25 10:18:36,304 [INFO] IPUIPlugin:80 - create IPUIPlugin
2026-06-25 10:18:36,305 [INFO] PluginManager:220 - loadIPPluginJar : add ipddr
2026-06-25 10:18:36,311 [INFO] IPUIPlugin:80 - create IPUIPlugin
2026-06-25 10:18:36,312 [INFO] PluginManager:220 - loadIPPluginJar : add linkedlist
2026-06-25 10:18:36,315 [INFO] IPUIPlugin:80 - create IPUIPlugin
2026-06-25 10:18:36,315 [INFO] PluginManager:220 - loadIPPluginJar : add lorawan
2026-06-25 10:18:36,316 [INFO] IPUIPlugin:80 - create IPUIPlugin
2026-06-25 10:18:36,316 [INFO] PluginManager:220 - loadIPPluginJar : add ltdc
2026-06-25 10:18:36,321 [INFO] IPUIPlugin:80 - create IPUIPlugin
2026-06-25 10:18:36,321 [INFO] PluginManager:220 - loadIPPluginJar : add mdma
2026-06-25 10:18:36,324 [INFO] IPUIPlugin:80 - create IPUIPlugin
2026-06-25 10:18:36,324 [INFO] PluginManager:220 - loadIPPluginJar : add nvic
2026-06-25 10:18:36,327 [INFO] IPUIPlugin:80 - create IPUIPlugin
2026-06-25 10:18:36,327 [INFO] PluginManager:220 - loadIPPluginJar : add opamp
2026-06-25 10:18:36,331 [INFO] IPUIPlugin:80 - create IPUIPlugin
2026-06-25 10:18:36,331 [INFO] PluginManager:220 - loadIPPluginJar : add openamp
2026-06-25 10:18:36,335 [INFO] IPUIPlugin:80 - create IPUIPlugin
2026-06-25 10:18:36,335 [INFO] PluginManager:220 - loadIPPluginJar : add pdm2pcm
2026-06-25 10:18:36,342 [INFO] IPUIPlugin:80 - create IPUIPlugin
2026-06-25 10:18:36,345 [INFO] PluginManager:220 - loadIPPluginJar : add plateformsettings
2026-06-25 10:18:36,347 [INFO] IPUIPlugin:80 - create IPUIPlugin
2026-06-25 10:18:36,347 [INFO] PluginManager:220 - loadIPPluginJar : add quadspi
2026-06-25 10:18:36,349 [INFO] IPUIPlugin:80 - create IPUIPlugin
2026-06-25 10:18:36,350 [INFO] PluginManager:220 - loadIPPluginJar : add radio
2026-06-25 10:18:36,353 [INFO] IPUIPlugin:80 - create IPUIPlugin
2026-06-25 10:18:36,355 [INFO] PluginManager:220 - loadIPPluginJar : add resmgrutility
2026-06-25 10:18:36,356 [INFO] IPUIPlugin:80 - create IPUIPlugin
2026-06-25 10:18:36,356 [INFO] PluginManager:220 - loadIPPluginJar : add sai
2026-06-25 10:18:36,359 [INFO] IPUIPlugin:80 - create IPUIPlugin
2026-06-25 10:18:36,359 [INFO] PluginManager:220 - loadIPPluginJar : add spi
2026-06-25 10:18:36,364 [INFO] IPUIPlugin:80 - create IPUIPlugin
2026-06-25 10:18:36,365 [INFO] PluginManager:220 - loadIPPluginJar : add stm32_wpan
2026-06-25 10:18:36,367 [INFO] IPUIPlugin:80 - create IPUIPlugin
2026-06-25 10:18:36,368 [INFO] PluginManager:220 - loadIPPluginJar : add tim
2026-06-25 10:18:36,371 [INFO] IPUIPlugin:80 - create IPUIPlugin
2026-06-25 10:18:36,372 [INFO] PluginManager:220 - loadIPPluginJar : add touchsensing
2026-06-25 10:18:36,374 [INFO] IPUIPlugin:80 - create IPUIPlugin
2026-06-25 10:18:36,374 [INFO] PluginManager:220 - loadIPPluginJar : add tracer_emb
2026-06-25 10:18:36,376 [INFO] IPUIPlugin:80 - create IPUIPlugin
2026-06-25 10:18:36,376 [INFO] PluginManager:220 - loadIPPluginJar : add ts
2026-06-25 10:18:36,377 [INFO] IPUIPlugin:80 - create IPUIPlugin
2026-06-25 10:18:36,377 [INFO] PluginManager:220 - loadIPPluginJar : add tsc
2026-06-25 10:18:36,379 [INFO] IPUIPlugin:80 - create IPUIPlugin
2026-06-25 10:18:36,380 [INFO] PluginManager:220 - loadIPPluginJar : add ucpd
2026-06-25 10:18:36,383 [INFO] IPUIPlugin:80 - create IPUIPlugin
2026-06-25 10:18:36,384 [INFO] PluginManager:220 - loadIPPluginJar : add usart
2026-06-25 10:18:36,387 [INFO] IPUIPlugin:80 - create IPUIPlugin
2026-06-25 10:18:36,388 [INFO] PluginManager:220 - loadIPPluginJar : add usbx
2026-06-25 10:18:36,572 [FATAL] Updater:351 - Updater called before beeing initialized
2026-06-25 10:18:36,629 [INFO] RulesReader:64 - Compatibility file has been processed (317 Rules)
2026-06-25 10:18:36,647 [INFO] RulesReader:64 - Compatibility file has been processed (317 Rules)
2026-06-25 10:18:36,656 [INFO] CADModel:165 - CPN selected for project level
2026-06-25 10:18:36,657 [INFO] CADModel:114 - Register for checkConnection events
2026-06-25 10:18:36,657 [FATAL] Updater:351 - Updater called before beeing initialized
2026-06-25 10:18:36,657 [ERROR] CADModel:125 - Updater not yet initialized, retry later 
2026-06-25 10:18:36,814 [FATAL] Updater:351 - Updater called before beeing initialized
2026-06-25 10:18:36,815 [INFO] CADModel:165 - CPN selected for project level
2026-06-25 10:18:36,815 [INFO] CADModel:114 - Register for checkConnection events
2026-06-25 10:18:36,815 [FATAL] Updater:351 - Updater called before beeing initialized
2026-06-25 10:18:36,815 [ERROR] CADModel:125 - Updater not yet initialized, retry later 
2026-06-25 10:18:36,818 [FATAL] Updater:351 - Updater called before beeing initialized
2026-06-25 10:18:36,946 [FATAL] Updater:351 - Updater called before beeing initialized
2026-06-25 10:18:36,949 [INFO] DbMcusAds:53 - JSON generation date=Tue Nov 25 15:08:32 CET 2025 (1764079712835)
2026-06-25 10:18:36,950 [FATAL] Updater:351 - Updater called before beeing initialized
2026-06-25 10:18:36,987 [WARN] DetailPanel:346 - Failed to get advertising image, set to default
2026-06-25 10:18:37,077 [FATAL] Updater:351 - Updater called before beeing initialized
2026-06-25 10:18:37,079 [FATAL] Updater:351 - Updater called before beeing initialized
2026-06-25 10:18:37,079 [FATAL] Updater:351 - Updater called before beeing initialized
2026-06-25 10:18:37,079 [WARN] DetailPanel:346 - Failed to get advertising image, set to default
2026-06-25 10:18:37,080 [FATAL] Updater:351 - Updater called before beeing initialized
2026-06-25 10:18:37,132 [ERROR] Updater:1198 - MainUpdater not yet initialized. External WinMGr cannot be set.
2026-06-25 10:18:37,134 [INFO] Updater:1134 - Updater Version found : 6.15.0
2026-06-25 10:18:37,151 [INFO] ApplicationProperties:184 - Using Application install path: C:\Program Files (x86)\STMicroelectronicsSTM32CubeIDE\STM32CubeIDE_1.19.0\STM32CubeIDE\plugins\com.st.stm32cube.common.mx_6.15.0.202507011659
2026-06-25 10:18:38,645 [INFO] ThirdPartyUpdaterWithRetryManager:70 - Updater plugin not ready yet. [2/15]
2026-06-25 10:18:38,752 [ERROR] LogOutputStream:75 - [STDERR_REDIRECT] Jun 25, 2026 10:18:38 AM java.util.prefs.WindowsPreferences <init>
2026-06-25 10:18:38,755 [ERROR] LogOutputStream:75 - [STDERR_REDIRECT] WARNING: Could not open/create prefs root node Software\JavaSoft\Prefs at root 0xffffffff80000002. Windows RegCreateKeyEx(...) returned error code 5.
2026-06-25 10:18:38,756 [ERROR] LogOutputStream:75 - [STDERR_REDIRECT] 
2026-06-25 10:18:39,114 [INFO] MainUpdater:2872 - connection check result : 10
2026-06-25 10:18:39,115 [INFO] MainUpdater:289 - Updater Check For Update Now.
2026-06-25 10:18:39,115 [INFO] MicroXplorer:498 - Change Database Version : DB.6.0.150
2026-06-25 10:18:39,121 [INFO] McuFinderGlobals:63 - Set McuFinder mode to 2 (CubeIDE integrated)
2026-06-25 10:18:39,122 [INFO] UserAuth:487 - Internet connection configuration mode: 1
2026-06-25 10:18:39,160 [INFO] JxBrowserEngine:152 - Initiate JxBrowser Engine with user profile folder
2026-06-25 10:18:39,349 [INFO] CheckServerUpdateThread:120 - End of CheckServer Thread
2026-06-25 10:18:39,920 [INFO] WebApp:169 - Instantiating new browser for Auth
2026-06-25 10:18:40,890 [INFO] WebApp:463 - Apply proxy settings
2026-06-25 10:18:40,891 [INFO] WebApp:548 - Chromium requires no authentication
2026-06-25 10:18:40,899 [INFO] WebApp:491 - Direct internet connection detected
2026-06-25 10:18:40,926 [INFO] WebApp:900 - Register for checkConnection events
2026-06-25 10:18:40,927 [INFO] WebApp:463 - Apply proxy settings
2026-06-25 10:18:40,927 [INFO] WebApp:548 - Chromium requires no authentication
2026-06-25 10:18:40,927 [INFO] WebApp:491 - Direct internet connection detected
2026-06-25 10:18:41,109 [INFO] WebApp:225 - Starting web application
2026-06-25 10:18:41,109 [INFO] WebApp:593 - Web application path used C:\Program Files (x86)\STMicroelectronicsSTM32CubeIDE\STM32CubeIDE_1.19.0\STM32CubeIDE\plugins\com.st.stm32cube.common.mx_6.15.0.202507011659\db\plugins\mcufinder\reactClient1\index.html
2026-06-25 10:18:41,201 [INFO] UserAuth:487 - Internet connection configuration mode: 1
2026-06-25 10:18:41,505 [INFO] WebApp:191 - Connection restablished
2026-06-25 10:18:42,139 [WARN] PackLoader:240 - Cannot read IP mode file for STMicroelectronics.X-CUBE-AZRTOS-H7.3.5.0
2026-06-25 10:18:42,155 [WARN] PackLoader:240 - Cannot read IP mode file for STMicroelectronics.FP-SNS-MOTENVWB1.1.4.0
2026-06-25 10:18:42,165 [WARN] PackLoader:240 - Cannot read IP mode file for STMicroelectronics.FP-ATR-ASTRA1.2.0.2
2026-06-25 10:18:42,175 [ERROR] Engine:466 - C:\Users\Universita\.stm32cubemx\thirdparties\pdsc\STMicroelectronics.X-CUBE-SMBUS.2.1.1.pdsc: PDSC version is not supported
2026-06-25 10:18:42,180 [WARN] PackLoader:240 - Cannot read IP mode file for STMicroelectronics.X-CUBE-SMBUS.2.1.0
2026-06-25 10:18:42,188 [WARN] PackLoader:240 - Cannot read IP mode file for STMicroelectronics.X-CUBE-ST60.1.0.0
2026-06-25 10:18:42,217 [WARN] PackLoader:240 - Cannot read IP mode file for STMicroelectronics.X-CUBE-AZRTOS-F7.1.1.0
2026-06-25 10:18:42,231 [WARN] PackLoader:240 - Cannot read IP mode file for STMicroelectronics.X-CUBE-FREERTOS.1.6.0
2026-06-25 10:18:42,239 [WARN] PackLoader:240 - Cannot read IP mode file for Cesanta.I-CUBE-Mongoose.7.19.0
2026-06-25 10:18:42,245 [WARN] PackLoader:240 - Cannot read IP mode file for STMicroelectronics.FP-SNS-MOTENV1.5.1.0
2026-06-25 10:18:42,272 [WARN] PackLoader:240 - Cannot read IP mode file for STMicroelectronics.X-CUBE-AZRTOS-H7RS.1.3.0
2026-06-25 10:18:42,290 [WARN] PackLoader:240 - Cannot read IP mode file for WES.I-CUBE-Cesium.1.4.0
2026-06-25 10:18:42,323 [WARN] PackLoader:240 - Cannot read IP mode file for Infineon.AIROC-Wi-Fi-Bluetooth-STM32.1.7.1
2026-06-25 10:18:42,352 [WARN] PackLoader:240 - Cannot read IP mode file for STMicroelectronics.X-CUBE-AZRTOS-H7.3.4.0
2026-06-25 10:18:42,366 [WARN] PackLoader:240 - Cannot read IP mode file for STMicroelectronics.X-CUBE-DISPLAY.3.0.0
2026-06-25 10:18:42,389 [WARN] PackLoader:240 - Cannot read IP mode file for STMicroelectronics.X-CUBE-GNSS1.7.1.1
2026-06-25 10:18:42,396 [WARN] PackLoader:240 - Cannot read IP mode file for STMicroelectronics.FP-SNS-MOTENVWB1.1.5.0
2026-06-25 10:18:42,405 [WARN] PackLoader:240 - Cannot read IP mode file for STMicroelectronics.X-CUBE-NFC10.1.0.0
2026-06-25 10:18:42,412 [WARN] PackLoader:240 - Cannot read IP mode file for STMicroelectronics.X-CUBE-ST60.1.1.0
2026-06-25 10:18:42,421 [WARN] PackLoader:240 - Cannot read IP mode file for emotas.I-CUBE-CANOPEN.1.3.0
2026-06-25 10:18:42,438 [ERROR] Engine:466 - C:\Users\Universita\.stm32cubemx\thirdparties\pdsc\STMicroelectronics.X-CUBE-WBA.1.1.0.pdsc: PDSC version is not supported
2026-06-25 10:18:42,444 [WARN] PackLoader:240 - Cannot read IP mode file for STMicroelectronics.X-CUBE-GNSS1.7.1.0
2026-06-25 10:18:42,455 [WARN] PackLoader:240 - Cannot read IP mode file for STMicroelectronics.FP-SNS-STBOX1.2.1.0
2026-06-25 10:18:42,465 [WARN] PackLoader:240 - Cannot read IP mode file for STMicroelectronics.FP-SNS-SMARTAG2.1.2.0
2026-06-25 10:18:42,473 [WARN] PackLoader:240 - Cannot read IP mode file for STMicroelectronics.FP-SNS-FLIGHT1.5.1.0
2026-06-25 10:18:42,487 [INFO] LogOutputStream:77 - [STDOUT_REDIRECT] 1 : Invalid condition id : UX_CORESTACK_Condition cause : null
2026-06-25 10:18:42,488 [INFO] LogOutputStream:77 - [STDOUT_REDIRECT] 1 : Invalid condition id : UX_CORESTACK_Condition cause : null
2026-06-25 10:18:42,490 [INFO] LogOutputStream:77 - [STDOUT_REDIRECT] 1 : Invalid condition id : UX_CORESTACK_Condition cause : null
2026-06-25 10:18:42,491 [INFO] LogOutputStream:77 - [STDOUT_REDIRECT] 1 : Invalid condition id : UX_CORESTACK_Condition cause : null
2026-06-25 10:18:42,493 [INFO] LogOutputStream:77 - [STDOUT_REDIRECT] 1 : Invalid condition id : UX_CORESTACK_Condition cause : null
2026-06-25 10:18:42,496 [WARN] PackLoader:240 - Cannot read IP mode file for STMicroelectronics.X-CUBE-AZRTOS-WL.2.0.0
2026-06-25 10:18:42,505 [WARN] PackLoader:240 - Cannot read IP mode file for STMicroelectronics.FP-SNS-MOTENV1.5.0.0
2026-06-25 10:18:42,528 [WARN] PackLoader:240 - Cannot read IP mode file for STMicroelectronics.X-CUBE-AZRTOS-H7RS.1.2.0
2026-06-25 10:18:42,542 [WARN] PackLoader:240 - Cannot read IP mode file for STMicroelectronics.X-CUBE-BLE2.3.3.0
2026-06-25 10:18:42,580 [WARN] PackLoader:240 - Cannot read IP mode file for STMicroelectronics.X-CUBE-NFC9.1.0.0
2026-06-25 10:18:42,591 [WARN] PackLoader:240 - Cannot read IP mode file for wolfSSL.I-CUBE-wolfSSL.5.8.2
2026-06-25 10:18:42,598 [WARN] PackLoader:240 - Cannot read IP mode file for STMicroelectronics.X-CUBE-BLE1.7.1.0
2026-06-25 10:18:42,606 [WARN] PackLoader:240 - Cannot read IP mode file for wolfSSL.I-CUBE-wolfMQTT.1.19.2
2026-06-25 10:18:42,613 [WARN] PackLoader:240 - Cannot read IP mode file for STMicroelectronics.X-CUBE-FREERTOS.1.4.0
2026-06-25 10:18:42,625 [WARN] PackLoader:240 - Cannot read IP mode file for STMicroelectronics.X-CUBE-EEPRMA1.5.2.0
2026-06-25 10:18:42,636 [WARN] PackLoader:240 - Cannot read IP mode file for STMicroelectronics.X-CUBE-ST67W61.1.1.0
2026-06-25 10:18:42,644 [WARN] PackLoader:240 - Cannot read IP mode file for STMicroelectronics.FP-SNS-STAIOTCFT.1.1.0
2026-06-25 10:18:42,705 [WARN] PackLoader:240 - Cannot read IP mode file for STMicroelectronics.X-CUBE-MEMS1.12.0.0
2026-06-25 10:18:42,822 [WARN] PackLoader:240 - Cannot read IP mode file for STMicroelectronics.X-CUBE-AZRTOS-G0.1.1.0
2026-06-25 10:18:42,832 [WARN] PackLoader:240 - Cannot read IP mode file for STMicroelectronics.X-CUBE-SAFEA1.1.2.2
2026-06-25 10:18:42,843 [WARN] PackLoader:240 - Cannot read IP mode file for STMicroelectronics.X-CUBE-NFC4.3.0.0
2026-06-25 10:18:42,886 [WARN] PackLoader:240 - Cannot read IP mode file for EmbeddedOffice.I-CUBE-FS-RTOS.1.0.1
2026-06-25 10:18:42,896 [WARN] PackLoader:240 - Cannot read IP mode file for STMicroelectronics.X-CUBE-WB05N.2.0.0
2026-06-25 10:18:42,907 [WARN] PackLoader:240 - Cannot read IP mode file for wolfSSL.I-CUBE-wolfTPM.3.8.0
2026-06-25 10:18:42,922 [WARN] PackLoader:240 - Cannot read IP mode file for STMicroelectronics.X-CUBE-TCPP.4.2.0
2026-06-25 10:18:42,930 [WARN] PackLoader:240 - Cannot read IP mode file for RealThread.X-CUBE-RT-Thread_Nano.4.1.1
2026-06-25 10:18:42,966 [WARN] PackLoader:240 - Cannot read IP mode file for STMicroelectronics.FP-ATR-SIGFOX1.3.2.0
2026-06-25 10:18:43,007 [WARN] PackLoader:240 - Cannot read IP mode file for STMicroelectronics.X-CUBE-FREERTOS.1.5.0
2026-06-25 10:18:43,016 [WARN] PackLoader:240 - Cannot read IP mode file for ITTIA_DB.I-CUBE-ITTIADB.8.9.0
2026-06-25 10:18:43,027 [WARN] PackLoader:240 - Cannot read IP mode file for STMicroelectronics.X-CUBE-NFC6.3.2.0
2026-06-25 10:18:43,037 [WARN] PackLoader:240 - Cannot read IP mode file for STMicroelectronics.X-CUBE-AI.10.2.1
2026-06-25 10:18:43,041 [WARN] PackLoader:240 - Cannot read IP mode file for STMicroelectronics.X-CUBE-AI.10.2.0
2026-06-25 10:18:43,082 [WARN] PackLoader:240 - Cannot read IP mode file for STMicroelectronics.X-CUBE-MEMS1.12.1.0
2026-06-25 10:18:43,207 [WARN] PackLoader:240 - Cannot read IP mode file for SEGGER.I-CUBE-embOS.1.3.1
2026-06-25 10:18:43,256 [WARN] PackLoader:240 - Cannot read IP mode file for STMicroelectronics.X-CUBE-ALGOBUILD.1.4.0
2026-06-25 10:18:43,300 [WARN] PackLoader:240 - Cannot read IP mode file for STMicroelectronics.X-CUBE-MEMS1.11.3.0
2026-06-25 10:18:43,431 [WARN] PackLoader:240 - Cannot read IP mode file for STMicroelectronics.X-CUBE-NFC13.1.0.0
2026-06-25 10:18:43,440 [WARN] PackLoader:240 - Cannot read IP mode file for STMicroelectronics.X-CUBE-PM33A1.1.0.0
2026-06-25 10:18:43,458 [WARN] PackLoader:240 - Cannot read IP mode file for STMicroelectronics.X-CUBE-AZRTOS-F4.1.1.0
2026-06-25 10:18:43,466 [WARN] PackLoader:240 - Cannot read IP mode file for STMicroelectronics.X-CUBE-ISPU.2.1.0
2026-06-25 10:18:43,491 [WARN] PackLoader:240 - Cannot read IP mode file for STMicroelectronics.X-CUBE-IPS.3.2.0
2026-06-25 10:18:43,504 [WARN] PackLoader:240 - Cannot read IP mode file for STMicroelectronics.eDS-WB_DPC_TT-BIDIR.2.1.1
2026-06-25 10:18:43,511 [WARN] PackLoader:240 - Cannot read IP mode file for STMicroelectronics.X-CUBE-NFC12.1.0.0
2026-06-25 10:18:43,527 [WARN] PackLoader:240 - Cannot read IP mode file for STMicroelectronics.X-CUBE-AZRTOS-L5.2.0.0
2026-06-25 10:18:43,538 [WARN] PackLoader:240 - Cannot read IP mode file for STMicroelectronics.X-CUBE-NFC6.3.1.0
2026-06-25 10:18:43,546 [WARN] PackLoader:240 - Cannot read IP mode file for STMicroelectronics.X-CUBE-ALGOBUILD.1.5.0
2026-06-25 10:18:43,553 [WARN] PackLoader:240 - Cannot read IP mode file for STMicroelectronics.eDS-WB_DPC_VIENNA.1.2.0
2026-06-25 10:18:43,557 [WARN] PackLoader:240 - Cannot read IP mode file for STMicroelectronics.eDS-WB_DPC_3PH2L-BIDIR.1.1.1
2026-06-25 10:18:43,561 [ERROR] Engine:466 - C:\Users\Universita\.stm32cubemx\thirdparties\pdsc\STMicroelectronics.X-CUBE-ST67W61.1.3.0.pdsc: PDSC version is not supported
2026-06-25 10:18:43,566 [WARN] PackLoader:240 - Cannot read IP mode file for STMicroelectronics.X-CUBE-FREERTOS.1.3.1
2026-06-25 10:18:43,573 [WARN] PackLoader:240 - Cannot read IP mode file for STMicroelectronics.X-CUBE-TOUCHGFX.4.26.0
2026-06-25 10:18:43,578 [WARN] PackLoader:240 - Cannot read IP mode file for STMicroelectronics.X-CUBE-TOUCHGFX.4.26.1
2026-06-25 10:18:43,584 [WARN] PackLoader:240 - Cannot read IP mode file for STMicroelectronics.FP-SNS-STAIOTCFT.1.0.0
2026-06-25 10:18:43,591 [WARN] PackLoader:240 - Cannot read IP mode file for STMicroelectronics.X-CUBE-DPower.1.3.0
2026-06-25 10:18:43,610 [WARN] ConditionMgr:438 - getConditionDescription Invalid condition id : LAN8742 Phy interface Condition cause : null
2026-06-25 10:18:43,612 [WARN] PackLoader:240 - Cannot read IP mode file for STMicroelectronics.X-CUBE-AZRTOS-L4.2.0.0
2026-06-25 10:18:43,614 [WARN] ConditionMgr:1044 - genDependencies : Invalid condition id : LAN8742 Phy interface Condition cause : null
2026-06-25 10:18:43,615 [WARN] ConditionMgr:1044 - genDependencies : Invalid condition id : LAN8742 Phy interface Condition cause : null
2026-06-25 10:18:43,615 [WARN] ConditionMgr:1044 - genDependencies : Invalid condition id : LAN8742 Phy interface Condition cause : null
2026-06-25 10:18:43,628 [WARN] PackLoader:240 - Cannot read IP mode file for STMicroelectronics.X-CUBE-SFXS2LP1.4.0.0
2026-06-25 10:18:43,635 [WARN] PackLoader:240 - Cannot read IP mode file for STMicroelectronics.X-CUBE-WB05N.2.1.0
2026-06-25 10:18:43,644 [WARN] PackLoader:240 - Cannot read IP mode file for STMicroelectronics.X-CUBE-ST67W61.1.2.0
2026-06-25 10:18:43,654 [WARN] PackLoader:240 - Cannot read IP mode file for STMicroelectronics.X-CUBE-BLEMGR.4.1.0
2026-06-25 10:18:43,671 [WARN] ConditionMgr:438 - getConditionDescription Invalid condition id : UX DEVICE CLASS RTOS Condition cause : null
2026-06-25 10:18:43,671 [WARN] ConditionMgr:438 - getConditionDescription Invalid condition id : UX DEVICE CLASS RTOS Condition cause : null
2026-06-25 10:18:43,673 [WARN] PackLoader:240 - Cannot read IP mode file for STMicroelectronics.X-CUBE-AZRTOS-WB.2.0.0
2026-06-25 10:18:43,674 [WARN] ConditionMgr:1044 - genDependencies : Invalid condition id : UX DEVICE CLASS RTOS Condition cause : null
2026-06-25 10:18:43,674 [WARN] ConditionMgr:1044 - genDependencies : Invalid condition id : UX DEVICE CLASS RTOS Condition cause : null
2026-06-25 10:18:43,675 [WARN] ConditionMgr:1044 - genDependencies : Invalid condition id : UX DEVICE CLASS RTOS Condition cause : null
2026-06-25 10:18:43,675 [WARN] ConditionMgr:1044 - genDependencies : Invalid condition id : UX DEVICE CLASS RTOS Condition cause : null
2026-06-25 10:18:43,675 [WARN] ConditionMgr:1044 - genDependencies : Invalid condition id : UX DEVICE CLASS RTOS Condition cause : null
2026-06-25 10:18:43,689 [WARN] PackLoader:240 - Cannot read IP mode file for STMicroelectronics.X-CUBE-GNSS1.7.0.1
2026-06-25 10:18:43,696 [WARN] ConditionMgr:438 - getConditionDescription Invalid condition id : Cortex-A Device cause : null
2026-06-25 10:18:43,723 [WARN] ConditionMgr:1044 - genDependencies : Invalid condition id : Cortex-A Device cause : null
2026-06-25 10:18:43,723 [WARN] ConditionMgr:1044 - genDependencies : Invalid condition id : Cortex-A Device cause : null
2026-06-25 10:18:43,723 [WARN] ConditionMgr:1044 - genDependencies : Invalid condition id : Cortex-A Device cause : null
2026-06-25 10:18:43,732 [WARN] PackLoader:240 - Cannot read IP mode file for STMicroelectronics.X-CUBE-STSE01.2.0.0
2026-06-25 10:18:43,744 [WARN] PackLoader:240 - Cannot read IP mode file for STMicroelectronics.X-CUBE-SUBG2.5.0.0
2026-06-25 10:18:43,765 [WARN] PackLoader:240 - Cannot read IP mode file for STMicroelectronics.X-CUBE-AZRTOS-H7RS.1.1.0
2026-06-25 10:18:43,781 [WARN] PackLoader:240 - Cannot read IP mode file for STMicroelectronics.X-CUBE-AZRTOS-G4.2.0.0
2026-06-25 10:18:43,793 [WARN] PackLoader:240 - Cannot read IP mode file for wolfSSL.I-CUBE-wolfSSH.1.4.20
2026-06-25 10:18:43,799 [WARN] PackLoader:240 - Cannot read IP mode file for STMicroelectronics.X-CUBE-NFC7.2.0.0
2026-06-25 10:18:43,806 [WARN] PackLoader:240 - Cannot read IP mode file for STMicroelectronics.X-CUBE-ALS.1.0.2
2026-06-25 10:18:43,812 [WARN] PackLoader:240 - Cannot read IP mode file for STMicroelectronics.X-CUBE-STSE01.1.0.0
2026-06-25 10:18:43,825 [WARN] PackLoader:240 - Cannot read IP mode file for STMicroelectronics.X-CUBE-TOF1.3.4.3
2026-06-25 10:18:43,834 [INFO] ThirdParty:978 - Integrity check success = true
2026-06-25 10:18:43,834 [INFO] IntegrityCheckThread:100 - exiting critical section [integrity check]
2026-06-25 10:18:43,834 [INFO] IntegrityCheckThread:103 - End integrity checks thread
2026-06-25 10:19:11,275 [ERROR] LogOutputStream:75 - [STDERR_REDIRECT] 
2026-06-25 10:19:29,763 [INFO] Activator:176 - 


2026-06-25 10:19:29,765 [INFO] Activator:177 - !SESSION log4j initialized
2026-06-25 10:19:53,400 [INFO] LogOutputStream:77 - [STDOUT_REDIRECT] 
2026-06-25 10:20:11,556 [WARN] WebAppUi:414 - Updater plugin not available.
2026-06-25 10:20:12,152 [INFO] ApplicationProperties:184 - Using Application install path: C:\Program Files (x86)\STMicroelectronicsSTM32CubeIDE\STM32CubeIDE_1.19.0\STM32CubeIDE\plugins\com.st.stm32cube.common.mx_6.15.0.202507011659
2026-06-25 10:20:12,193 [INFO] DbMcusXml:78 - Set database path to: C:\Program Files (x86)\STMicroelectronicsSTM32CubeIDE\STM32CubeIDE_1.19.0\STM32CubeIDE\plugins\com.st.stm32cube.common.mx_6.15.0.202507011659\\db\/mcu/
2026-06-25 10:20:12,193 [INFO] ApiDb:274 - Set plugin database path to: C:\Program Files (x86)\STMicroelectronicsSTM32CubeIDE\STM32CubeIDE_1.19.0\STM32CubeIDE\plugins\com.st.stm32cube.common.mx_6.15.0.202507011659\\db\/plugins/boardmanager/
2026-06-25 10:20:12,194 [WARN] ApiDb:259 - Overriding images path with different value:  => C:\Program Files (x86)\STMicroelectronicsSTM32CubeIDE\STM32CubeIDE_1.19.0\STM32CubeIDE\plugins\com.st.stm32cube.common.mx_6.15.0.202507011659\\db\/plugins/mcufinder/images/
2026-06-25 10:20:12,204 [INFO] ApiDb:250 - Set database path to: C:\Users\Universita\.stmcufinder\plugins\mcufinder//mcu/
2026-06-25 10:20:12,207 [INFO] DbMcusAds:125 - Set database path to: C:\Users\Universita\.stmcufinder\plugins\mcufinder//mcu/
2026-06-25 10:20:12,212 [INFO] CrossReferenceDbSqlite:203 - Set database path to: C:\Users\Universita\.stmcufinder\plugins\mcufinder//mcu/cs/
2026-06-25 10:20:12,406 [INFO] DbMcusXml:78 - Set database path to: C:\Program Files (x86)\STMicroelectronicsSTM32CubeIDE\STM32CubeIDE_1.19.0\STM32CubeIDE\plugins\com.st.stm32cube.common.mx_6.15.0.202507011659\\db\/mcu/
2026-06-25 10:20:12,406 [INFO] ApiDb:274 - Set plugin database path to: C:\Program Files (x86)\STMicroelectronicsSTM32CubeIDE\STM32CubeIDE_1.19.0\STM32CubeIDE\plugins\com.st.stm32cube.common.mx_6.15.0.202507011659\\db\/plugins/boardmanager/
2026-06-25 10:20:12,407 [INFO] ApiDb:261 - Set plugin images path to: C:\Program Files (x86)\STMicroelectronicsSTM32CubeIDE\STM32CubeIDE_1.19.0\STM32CubeIDE\plugins\com.st.stm32cube.common.mx_6.15.0.202507011659\\db\/plugins/mcufinder/images/
2026-06-25 10:20:12,407 [WARN] DbFile:41 - Overriding database path with different value: C:\Users\Universita\.stmcufinder\plugins\mcufinder/ => C:\Users\Universita\.stmcufinder\plugins\mcufinder
2026-06-25 10:20:12,407 [INFO] ApiDb:250 - Set database path to: C:\Users\Universita\.stmcufinder\plugins\mcufinder//mcu/
2026-06-25 10:20:12,407 [WARN] DbFile:41 - Overriding database path with different value: C:\Users\Universita\.stmcufinder\plugins\mcufinder/ => C:\Users\Universita\.stmcufinder\plugins\mcufinder
2026-06-25 10:20:12,407 [INFO] DbMcusAds:125 - Set database path to: C:\Users\Universita\.stmcufinder\plugins\mcufinder//mcu/
2026-06-25 10:20:12,407 [WARN] DbFile:41 - Overriding database path with different value: C:\Users\Universita\.stmcufinder\plugins\mcufinder/ => C:\Users\Universita\.stmcufinder\plugins\mcufinder
2026-06-25 10:20:12,407 [WARN] DbFile:41 - Overriding database path with different value: C:\Users\Universita\.stmcufinder\plugins\mcufinder/ => C:\Users\Universita\.stmcufinder\plugins\mcufinder
2026-06-25 10:20:12,407 [INFO] CrossReferenceDbSqlite:203 - Set database path to: C:\Users\Universita\.stmcufinder\plugins\mcufinder//mcu/cs/
2026-06-25 10:20:12,560 [INFO] MainPanel:274 - HeapMemory: 268435456
